[html.themerange.net/merit/merit/index-1.html]
[backblue.gif]
[fade.gif]
[index.html]
[html.themerange.net/merit/merit/assets/css/bootstrap.css]
[html.themerange.net/merit/merit/assets/css/responsive.css]
[html.themerange.net/merit/merit/assets/css/style.css]
[html.themerange.net/merit/merit/assets/css/color-switcher-design.css]
[html.themerange.net/merit/merit/assets/images/favicon.png]
[html.themerange.net/merit/merit/index.html]
[html.themerange.net/merit/merit/assets/images/logo.png]
[html.themerange.net/merit/merit/contact.html]
[html.themerange.net/merit/merit/assets/images/logo-small.png]
[html.themerange.net/merit/merit/assets/images/resource/post-thumb-1.jpg]
[html.themerange.net/merit/merit/assets/images/resource/post-thumb-2.jpg]
[html.themerange.net/merit/merit/assets/images/resource/post-thumb-3.jpg]
[html.themerange.net/merit/merit/assets/images/main-slider/image-1.jpg]
[html.themerange.net/merit/merit/about.html]
[html.themerange.net/merit/merit/assets/images/background/pattern-1.png]
[html.themerange.net/merit/merit/assets/images/icons/plus.png]
[html.themerange.net/merit/merit/assets/images/resource/about-1.jpg]
[html.themerange.net/merit/merit/assets/images/resource/about-2.jpg]
[html.themerange.net/merit/merit/assets/images/background/pattern-2.png]
[html.themerange.net/merit/merit/assets/images/background/pattern-3.png]
[html.themerange.net/merit/merit/assets/images/background/pattern-4.png]
[html.themerange.net/merit/merit/intensive-care.html]
[html.themerange.net/merit/merit/assets/images/resource/modern.jpg]
[html.themerange.net/merit/merit/assets/images/background/pattern-5.png]
[html.themerange.net/merit/merit/assets/images/background/1.jpg]
[html.themerange.net/merit/merit/department-detail.html]
[html.themerange.net/merit/merit/assets/images/resource/department-1.jpg]
[html.themerange.net/merit/merit/assets/images/resource/department-2.jpg]
[html.themerange.net/merit/merit/assets/images/resource/department-3.jpg]
[html.themerange.net/merit/merit/assets/images/resource/department-4.jpg]
[html.themerange.net/merit/merit/assets/images/icons/team-icon.png]
[html.themerange.net/merit/merit/doctors.html]
[html.themerange.net/merit/merit/assets/images/resource/telescope.png]
[html.themerange.net/merit/merit/assets/images/resource/team-1.jpg]
[html.themerange.net/merit/merit/doctor-detail.html]
[html.themerange.net/merit/merit/assets/images/resource/team-2.jpg]
[html.themerange.net/merit/merit/assets/images/resource/team-3.jpg]
[html.themerange.net/merit/merit/assets/images/resource/team-4.jpg]
[html.themerange.net/merit/merit/assets/images/background/pattern-6.png]
[html.themerange.net/merit/merit/assets/images/resource/author-1.jpg]
[html.themerange.net/merit/merit/assets/images/resource/author-2.jpg]
[html.themerange.net/merit/merit/assets/images/resource/author-3.jpg]
[html.themerange.net/merit/merit/blog-detail.html]
[html.themerange.net/merit/merit/assets/images/resource/news-1.jpg]
[html.themerange.net/merit/merit/assets/images/resource/news-2.jpg]
[html.themerange.net/merit/merit/assets/images/resource/news-3.jpg]
[html.themerange.net/merit/merit/assets/images/background/pattern-7.png]
[html.themerange.net/merit/merit/assets/images/icons/envelope.png]
[html.themerange.net/merit/merit/assets/images/background/pattern-8.png]
[html.themerange.net/merit/merit/assets/images/resource/footer-vector-1.png]
[html.themerange.net/merit/merit/assets/images/resource/footer-vector-2.png]
[html.themerange.net/merit/merit/assets/images/footer-logo.png]
[html.themerange.net/merit/merit/assets/images/resource/news-widget-1.jpg]
[html.themerange.net/merit/merit/assets/images/resource/news-widget-2.jpg]
[html.themerange.net/merit/merit/assets/images/demos/1.jpg]
[html.themerange.net/merit/merit/index-2.html]
[html.themerange.net/merit/merit/assets/images/demos/2.jpg]
[html.themerange.net/merit/merit/index-3.html]
[html.themerange.net/merit/merit/assets/images/demos/3.jpg]
[html.themerange.net/merit/merit/index-4.html]
[html.themerange.net/merit/merit/assets/images/demos/4.jpg]
[html.themerange.net/merit/merit/assets/images/demos/5.jpg]
[html.themerange.net/merit/merit/index-5.html]
[html.themerange.net/merit/merit/index-6.html]
[html.themerange.net/merit/merit/assets/images/demos/6.jpg]
[html.themerange.net/merit/merit/index-7.html]
[html.themerange.net/merit/merit/assets/images/demos/7.jpg]
[html.themerange.net/merit/merit/assets/js/jquery.js]
[html.themerange.net/merit/merit/assets/js/popper.min.js]
[html.themerange.net/merit/merit/assets/js/bootstrap.min.js]
[html.themerange.net/merit/merit/assets/js/jquery.mCustomScrollbar.concat.min.js]
[html.themerange.net/merit/merit/assets/js/appear.js]
[html.themerange.net/merit/merit/assets/js/parallax.min.js]
[html.themerange.net/merit/merit/assets/js/tilt.jquery.min.js]
[html.themerange.net/merit/merit/assets/js/jquery.paroller.min.js]
[html.themerange.net/merit/merit/assets/js/owl.js]
[html.themerange.net/merit/merit/assets/js/wow.js]
[html.themerange.net/merit/merit/assets/js/pagenav.js]
[html.themerange.net/merit/merit/assets/js/odometer.js]
[html.themerange.net/merit/merit/assets/js/parallax-scroll.js]
[html.themerange.net/merit/merit/assets/js/magnific-popup.min.js]
[html.themerange.net/merit/merit/assets/js/nav-tool.js]
[html.themerange.net/merit/merit/assets/js/script.js]
[html.themerange.net/merit/merit/assets/js/jquery-ui.js]
[html.themerange.net/merit/merit/assets/js/color-settings.js]
[html.themerange.net/merit/merit/index-1.html]
[html.themerange.net/merit/merit/assets/css/bootstrap.css]
[html.themerange.net/merit/merit/assets/css/global.css]
[html.themerange.net/merit/merit/assets/css/rtl.css]
[html.themerange.net/merit/merit/assets/css/header.css]
[html.themerange.net/merit/merit/assets/css/footer.css]
[html.themerange.net/merit/merit/assets/css/font-awesome.css]
[html.themerange.net/merit/merit/assets/css/flaticon.css]
[html.themerange.net/merit/merit/assets/css/animate.css]
[html.themerange.net/merit/merit/assets/css/owl.css]
[html.themerange.net/merit/merit/assets/css/swiper.css]
[html.themerange.net/merit/merit/assets/css/preloader.css]
[html.themerange.net/merit/merit/assets/css/jquery-ui.css]
[html.themerange.net/merit/merit/assets/css/custom-animate.css]
[html.themerange.net/merit/merit/assets/css/magnific-popup.css]
[html.themerange.net/merit/merit/assets/css/odometer-theme-default.css]
[html.themerange.net/merit/merit/assets/css/jquery.bootstrap-touchspin.css]
[html.themerange.net/merit/merit/assets/images/icons/tag.png]
[html.themerange.net/merit/merit/assets/images/background/pattern-12.png]
[html.themerange.net/merit/merit/assets/images/icons/play.png]
[html.themerange.net/merit/merit/assets/images/background/pattern-28.png]
[html.themerange.net/merit/merit/assets/images/icons/dott.png]
[html.themerange.net/merit/merit/assets/images/cd-arrows.svg]
[html.themerange.net/merit/merit/assets/css/style.css]
[html.themerange.net/merit/merit/assets/css/responsive.css]
[html.themerange.net/merit/merit/assets/images/icons/tick.png]
[html.themerange.net/merit/merit/assets/css/color-switcher-design.css]
[html.themerange.net/merit/merit/assets/css/color-themes/default-color.css]
[html.themerange.net/merit/merit/index-2-1.html]
[html.themerange.net/merit/merit/index-3-1.html]
[html.themerange.net/merit/merit/index-4-1.html]
[html.themerange.net/merit/merit/index-5-1.html]
[html.themerange.net/merit/merit/index-6-1.html]
[html.themerange.net/merit/merit/index-7-1.html]
[html.themerange.net/merit/merit/faq.html]
[html.themerange.net/merit/merit/price.html]
[html.themerange.net/merit/merit/price-2.html]
[html.themerange.net/merit/merit/process.html]
[html.themerange.net/merit/merit/gallery.html]
[html.themerange.net/merit/merit/timetable.html]
[html.themerange.net/merit/merit/testimonial.html]
[html.themerange.net/merit/merit/coming-soon.html]
[html.themerange.net/merit/merit/terms.html]
[html.themerange.net/merit/merit/privacy.html]
[html.themerange.net/merit/merit/doctor-detail-2.html]
[html.themerange.net/merit/merit/services.html]
[html.themerange.net/merit/merit/community.html]
[html.themerange.net/merit/merit/diagnosis.html]
[html.themerange.net/merit/merit/surgical.html]
[html.themerange.net/merit/merit/specialised.html]
[html.themerange.net/merit/merit/rehabitation.html]
[html.themerange.net/merit/merit/department.html]
[html.themerange.net/merit/merit/shop-detail.html]
[html.themerange.net/merit/merit/shop.html]
[html.themerange.net/merit/merit/shopping-cart.html]
[html.themerange.net/merit/merit/checkout.html]
[html.themerange.net/merit/merit/register.html]
[html.themerange.net/merit/merit/blog-left-sidebar.html]
[html.themerange.net/merit/merit/blog.html]
[html.themerange.net/merit/merit/contact-2.html]
[html.themerange.net/merit/merit/blog-classic.html]
[html.themerange.net/merit/merit/not-found.html]
[html.themerange.net/merit/merit/contact-3.html]
[html.themerange.net/merit/merit/index.html]
[html.themerange.net/merit/merit/assets/images/background/3.jpg]
[html.themerange.net/merit/merit/assets/images/background/pattern-32.png]
[html.themerange.net/merit/merit/assets/images/background/pattern-16.png]
[html.themerange.net/merit/merit/assets/images/background/pattern-17.png]
[html.themerange.net/merit/merit/assets/images/clients/1.png]
[html.themerange.net/merit/merit/assets/images/clients/2.png]
[html.themerange.net/merit/merit/assets/images/clients/3.png]
[html.themerange.net/merit/merit/assets/images/clients/4.png]
[html.themerange.net/merit/merit/assets/images/clients/5.png]
[html.themerange.net/merit/merit/assets/images/background/pattern-18.png]
[html.themerange.net/merit/merit/assets/js/validate.js]
[html.themerange.net/merit/merit/contact.html]
[html.themerange.net/merit/merit/appointment.html]
[html.themerange.net/merit/merit/assets/images/background/pattern-11.png]
[html.themerange.net/merit/merit/assets/images/icons/signature.png]
[html.themerange.net/merit/merit/assets/images/resource/video-image.jpg]
[html.themerange.net/merit/merit/assets/images/icons/tag-icon.png]
[html.themerange.net/merit/merit/assets/images/resource/about-3.jpg]
[html.themerange.net/merit/merit/assets/images/background/2.jpg]
[html.themerange.net/merit/merit/assets/images/background/pattern-26.png]
[html.themerange.net/merit/merit/assets/images/background/pattern-27.png]
[html.themerange.net/merit/merit/assets/images/resource/faq.jpg]
[html.themerange.net/merit/merit/about.html]
[html.themerange.net/merit/merit/assets/images/resource/service-2.jpg]
[html.themerange.net/merit/merit/assets/images/resource/service-1.jpg]
[html.themerange.net/merit/merit/assets/images/resource/service-thumb-1.jpg]
[html.themerange.net/merit/merit/assets/images/resource/service-thumb-2.jpg]
[html.themerange.net/merit/merit/assets/images/resource/service-thumb-3.jpg]
[html.themerange.net/merit/merit/assets/images/resource/service-thumb-4.jpg]
[html.themerange.net/merit/merit/assets/images/resource/service-thumb-5.jpg]
[html.themerange.net/merit/merit/assets/images/background/pattern-14.png]
[html.themerange.net/merit/merit/intensive-care.html]
[html.themerange.net/merit/merit/assets/images/background/pattern-33.png]
[html.themerange.net/merit/merit/assets/images/resource/doctor-1.png]
[html.themerange.net/merit/merit/assets/images/resource/department-13.jpg]
[html.themerange.net/merit/merit/assets/images/resource/graph.jpg]
[html.themerange.net/merit/merit/assets/images/resource/department-14.jpg]
[html.themerange.net/merit/merit/department-detail.html]
[html.themerange.net/merit/merit/assets/images/resource/team-9.jpg]
[html.themerange.net/merit/merit/assets/images/resource/team-10.jpg]
[html.themerange.net/merit/merit/assets/images/resource/team-11.jpg]
[html.themerange.net/merit/merit/assets/images/resource/team-12.jpg]
[html.themerange.net/merit/merit/assets/images/background/pattern-15.png]
[html.themerange.net/merit/merit/assets/images/icons/quote.png]
[html.themerange.net/merit/merit/doctors.html]
[html.themerange.net/merit/merit/assets/images/resource/doctor-1.jpg]
[html.themerange.net/merit/merit/doctor-detail.html]
[html.themerange.net/merit/merit/assets/images/resource/news-7.jpg]
[html.themerange.net/merit/merit/assets/images/resource/news-11.jpg]
[html.themerange.net/merit/merit/assets/images/resource/news-12.jpg]
[html.themerange.net/merit/merit/assets/images/resource/news-13.jpg]
[html.themerange.net/merit/merit/assets/images/resource/post-thumb-4.jpg]
[html.themerange.net/merit/merit/assets/images/resource/post-thumb-5.jpg]
[html.themerange.net/merit/merit/assets/images/resource/post-thumb-6.jpg]
[html.themerange.net/merit/merit/blog-detail.html]
[html.themerange.net/merit/merit/assets/images/main-slider/image-5.jpg]
[html.themerange.net/merit/merit/assets/images/background/pattern-9.png]
[html.themerange.net/merit/merit/assets/images/background/pattern-10.png]
[html.themerange.net/merit/merit/assets/images/background/pattern-13.png]
[html.themerange.net/merit/merit/assets/images/icons/specialist-1.png]
[html.themerange.net/merit/merit/assets/images/icons/specialist-2.png]
[html.themerange.net/merit/merit/assets/images/resource/department-5.jpg]
[html.themerange.net/merit/merit/assets/images/resource/department-6.jpg]
[html.themerange.net/merit/merit/index-2.html]
[html.themerange.net/merit/merit/assets/images/main-slider/image-2.jpg]
[html.themerange.net/merit/merit/assets/images/background/pattern-19.png]
[html.themerange.net/merit/merit/assets/images/background/pattern-20.jpg]
[html.themerange.net/merit/merit/assets/images/background/pattern-21.png]
[html.themerange.net/merit/merit/assets/images/resource/health-1.jpg]
[html.themerange.net/merit/merit/assets/images/resource/health-2.jpg]
[html.themerange.net/merit/merit/assets/images/resource/teeth-after.jpg]
[html.themerange.net/merit/merit/assets/images/resource/teeth-before.jpg]
[html.themerange.net/merit/merit/assets/images/background/pattern-22.png]
[html.themerange.net/merit/merit/assets/images/resource/doctor.png]
[html.themerange.net/merit/merit/assets/images/background/pattern-23.png]
[html.themerange.net/merit/merit/assets/images/background/pattern-24.png]
[html.themerange.net/merit/merit/assets/images/resource/image-1.jpg]
[html.themerange.net/merit/merit/assets/images/resource/image-2.jpg]
[html.themerange.net/merit/merit/assets/images/resource/image-3.jpg]
[html.themerange.net/merit/merit/assets/images/icons/counter-curve.png]
[html.themerange.net/merit/merit/assets/images/background/pattern-25.png]
[html.themerange.net/merit/merit/assets/images/resource/testimonial.jpg]
[html.themerange.net/merit/merit/assets/images/resource/team-5.jpg]
[html.themerange.net/merit/merit/assets/images/resource/team-6.jpg]
[html.themerange.net/merit/merit/assets/images/resource/team-7.jpg]
[html.themerange.net/merit/merit/assets/images/resource/team-8.jpg]
[html.themerange.net/merit/merit/assets/images/resource/news-4.jpg]
[html.themerange.net/merit/merit/assets/images/resource/news-5.jpg]
[html.themerange.net/merit/merit/assets/images/resource/news-6.jpg]
[html.themerange.net/merit/merit/assets/images/background/pattern-29.png]
[html.themerange.net/merit/merit/assets/images/background/pattern-30.png]
[html.themerange.net/merit/merit/assets/images/clients/6.png]
[html.themerange.net/merit/merit/assets/images/clients/7.png]
[html.themerange.net/merit/merit/assets/images/clients/8.png]
[html.themerange.net/merit/merit/assets/images/clients/9.png]
[html.themerange.net/merit/merit/assets/images/clients/10.png]
[html.themerange.net/merit/merit/assets/images/background/pattern-31.png]
[html.themerange.net/merit/merit/index-3.html]
[html.themerange.net/merit/merit/assets/js/main.js]
[html.themerange.net/merit/merit/assets/images/main-slider/pattern-1.png]
[html.themerange.net/merit/merit/assets/images/main-slider/content-image.png]
[html.themerange.net/merit/merit/assets/images/resource/tablet.png]
[html.themerange.net/merit/merit/assets/images/resource/cardialogy.jpg]
[html.themerange.net/merit/merit/assets/images/background/8.jpg]
[html.themerange.net/merit/merit/assets/images/background/5.jpg]
[html.themerange.net/merit/merit/assets/images/resource/news-20.jpg]
[html.themerange.net/merit/merit/assets/images/resource/news-21.jpg]
[html.themerange.net/merit/merit/assets/js/typeit.js]
[html.themerange.net/merit/merit/index-4.html]
[html.themerange.net/merit/merit/assets/images/background/pattern-34.png]
[html.themerange.net/merit/merit/assets/images/main-slider/content-image-1.png]
[html.themerange.net/merit/merit/assets/images/resource/surgery-1.jpg]
[html.themerange.net/merit/merit/assets/images/resource/surgery-2.jpg]
[html.themerange.net/merit/merit/assets/images/resource/surgery-3.jpg]
[html.themerange.net/merit/merit/assets/images/resource/surgery-4.jpg]
[html.themerange.net/merit/merit/assets/images/resource/surgery-5.jpg]
[html.themerange.net/merit/merit/assets/images/resource/before-after-1.jpg]
[html.themerange.net/merit/merit/assets/images/resource/before-after-2.jpg]
[html.themerange.net/merit/merit/assets/images/resource/news-14.jpg]
[html.themerange.net/merit/merit/assets/images/resource/news-15.jpg]
[html.themerange.net/merit/merit/assets/images/resource/news-16.jpg]
[html.themerange.net/merit/merit/index-5.html]
[html.themerange.net/merit/merit/assets/images/main-slider/image-4.jpg]
[html.themerange.net/merit/merit/assets/images/main-slider/image-3.jpg]
[html.themerange.net/merit/merit/assets/images/resource/about-4.jpg]
[html.themerange.net/merit/merit/assets/images/resource/veterinary-1.jpg]
[html.themerange.net/merit/merit/assets/images/resource/veterinary-2.jpg]
[html.themerange.net/merit/merit/assets/images/resource/veterinary-3.jpg]
[html.themerange.net/merit/merit/assets/images/resource/veterinary-4.jpg]
[html.themerange.net/merit/merit/assets/images/resource/news-17.jpg]
[html.themerange.net/merit/merit/assets/images/resource/news-18.jpg]
[html.themerange.net/merit/merit/assets/images/resource/news-19.jpg]
[html.themerange.net/merit/merit/index-6.html]
[html.themerange.net/merit/merit/assets/images/main-slider/image-6.jpg]
[html.themerange.net/merit/merit/assets/images/background/6.jpg]
[html.themerange.net/merit/merit/assets/images/resource/service-4.jpg]
[html.themerange.net/merit/merit/assets/images/resource/service-5.jpg]
[html.themerange.net/merit/merit/assets/images/resource/service-6.jpg]
[html.themerange.net/merit/merit/assets/images/resource/about-5.jpg]
[html.themerange.net/merit/merit/assets/images/resource/fact.jpg]
[html.themerange.net/merit/merit/assets/images/background/pattern-36.png]
[html.themerange.net/merit/merit/assets/images/gallery/10.jpg]
[html.themerange.net/merit/merit/assets/images/gallery/11.jpg]
[html.themerange.net/merit/merit/assets/images/gallery/12.jpg]
[html.themerange.net/merit/merit/assets/images/gallery/13.jpg]
[html.themerange.net/merit/merit/assets/images/resource/team-13.jpg]
[html.themerange.net/merit/merit/assets/images/resource/team-14.jpg]
[html.themerange.net/merit/merit/assets/images/resource/team-15.jpg]
[html.themerange.net/merit/merit/assets/images/resource/team-16.jpg]
[html.themerange.net/merit/merit/assets/images/resource/news-22.jpg]
[html.themerange.net/merit/merit/assets/images/resource/news-23.jpg]
[html.themerange.net/merit/merit/assets/images/resource/news-24.jpg]
[html.themerange.net/merit/merit/assets/js/touchspin.js]
[html.themerange.net/merit/merit/index-7.html]
[html.themerange.net/merit/merit/assets/css/color-themes/green-color.css]
[html.themerange.net/merit/merit/assets/css/color-themes/blue-color.css]
[html.themerange.net/merit/merit/assets/css/color-themes/orange-color.css]
[html.themerange.net/merit/merit/assets/css/color-themes/purple-color.css]
[html.themerange.net/merit/merit/assets/css/color-themes/teal-color.css]
[html.themerange.net/merit/merit/assets/css/color-themes/brown-color.css]
[html.themerange.net/merit/merit/assets/css/color-themes/yellow-color.css]
[html.themerange.net/merit/merit/assets/images/icons/preloader.gif]
[html.themerange.net/merit/merit/assets/css/global.css]
[html.themerange.net/merit/merit/assets/css/rtl.css]
[html.themerange.net/merit/merit/assets/images/resource/logo-shape.png]
[html.themerange.net/merit/merit/assets/images/icons/right-arrow.png]
[html.themerange.net/merit/merit/assets/images/cross-out.png]
[html.themerange.net/merit/merit/assets/css/header.css]
[html.themerange.net/merit/merit/assets/css/footer.css]
[html.themerange.net/merit/merit/assets/fonts/fa-brands-400.woff2]
[html.themerange.net/merit/merit/assets/fonts/fa-regular-400.woff2]
[html.themerange.net/merit/merit/assets/fonts/fa-brands-400.ttf]
[html.themerange.net/merit/merit/assets/fonts/fa-regular-400.ttf]
[html.themerange.net/merit/merit/assets/fonts/fa-solid-900.woff2]
[html.themerange.net/merit/merit/assets/css/font-awesome.css]
[html.themerange.net/merit/merit/assets/fonts/flaticon_flats.eot]
[html.themerange.net/merit/merit/assets/fonts/fa-solid-900.ttf]
[html.themerange.net/merit/merit/assets/fonts/flaticon_flatsd41d.eot]
[html.themerange.net/merit/merit/assets/fonts/flaticon_flats.woff]
[html.themerange.net/merit/merit/assets/fonts/flaticon_flats.ttf]
[html.themerange.net/merit/merit/assets/css/flaticon.css]
[html.themerange.net/merit/merit/assets/css/animate.css]
[html.themerange.net/merit/merit/assets/css/owl.css]
[html.themerange.net/merit/merit/assets/css/swiper.css]
[html.themerange.net/merit/merit/assets/css/preloader.css]
[html.themerange.net/merit/merit/assets/css/jquery-ui.css]
[html.themerange.net/merit/merit/assets/css/custom-animate.css]
[html.themerange.net/merit/merit/assets/css/magnific-popup.css]
[html.themerange.net/merit/merit/assets/css/odometer-theme-default.css]
[html.themerange.net/merit/merit/assets/css/jquery.bootstrap-touchspin.css]
[html.themerange.net/merit/merit/assets/images/cd-arrows.svg]
[html.themerange.net/merit/merit/index-2-1.html]
[html.themerange.net/merit/merit/index-3-1.html]
[html.themerange.net/merit/merit/index-4-1.html]
[html.themerange.net/merit/merit/index-5-1.html]
[html.themerange.net/merit/merit/index-6-1.html]
[html.themerange.net/merit/merit/index-7-1.html]
[html.themerange.net/merit/merit/faq.html]
[html.themerange.net/merit/merit/price.html]
[html.themerange.net/merit/merit/price-2.html]
[html.themerange.net/merit/merit/assets/fonts/flaticon_flats.svg]
[html.themerange.net/merit/merit/assets/images/resource/process-1.jpg]
[html.themerange.net/merit/merit/assets/images/resource/process-2.jpg]
[html.themerange.net/merit/merit/assets/images/resource/process-3.jpg]
[html.themerange.net/merit/merit/assets/images/resource/process-4.jpg]
[html.themerange.net/merit/merit/assets/images/resource/process-5.jpg]
[html.themerange.net/merit/merit/process.html]
[html.themerange.net/merit/merit/assets/images/gallery/1.jpg]
[html.themerange.net/merit/merit/assets/images/gallery/2.jpg]
[html.themerange.net/merit/merit/assets/images/gallery/3.jpg]
[html.themerange.net/merit/merit/assets/images/gallery/4.jpg]
[html.themerange.net/merit/merit/assets/images/gallery/5.jpg]
[html.themerange.net/merit/merit/assets/images/gallery/6.jpg]
[html.themerange.net/merit/merit/assets/images/gallery/7.jpg]
[html.themerange.net/merit/merit/assets/images/gallery/8.jpg]
[html.themerange.net/merit/merit/assets/images/gallery/9.jpg]
[html.themerange.net/merit/merit/gallery.html]
[html.themerange.net/merit/merit/timetable.html]
[html.themerange.net/merit/merit/testimonial.html]
[html.themerange.net/merit/merit/assets/js/mixitup.js]
[html.themerange.net/merit/merit/assets/images/logo-2.png]
[html.themerange.net/merit/merit/coming-soon.html]
[html.themerange.net/merit/merit/terms.html]
[html.themerange.net/merit/merit/privacy.html]
[html.themerange.net/merit/merit/assets/js/jquery.countdown.js]
[html.themerange.net/merit/merit/assets/images/resource/doctor-2.jpg]
[html.themerange.net/merit/merit/assets/images/clients/11.png]
[html.themerange.net/merit/merit/assets/images/clients/12.png]
[html.themerange.net/merit/merit/assets/images/clients/13.png]
[html.themerange.net/merit/merit/assets/images/clients/14.png]
[html.themerange.net/merit/merit/assets/images/clients/15.png]
[html.themerange.net/merit/merit/assets/images/clients/16.png]
[html.themerange.net/merit/merit/doctor-detail-2.html]
[html.themerange.net/merit/merit/services.html]
[html.themerange.net/merit/merit/community.html]
[html.themerange.net/merit/merit/diagnosis.html]
[html.themerange.net/merit/merit/surgical.html]
[html.themerange.net/merit/merit/specialised.html]
[html.themerange.net/merit/merit/rehabitation.html]
[html.themerange.net/merit/merit/assets/images/resource/department-7.jpg]
[html.themerange.net/merit/merit/assets/images/resource/department-8.jpg]
[html.themerange.net/merit/merit/assets/images/resource/department-9.jpg]
[html.themerange.net/merit/merit/assets/images/resource/department-10.jpg]
[html.themerange.net/merit/merit/assets/images/resource/department-11.jpg]
[html.themerange.net/merit/merit/assets/images/resource/department-12.jpg]
[html.themerange.net/merit/merit/department.html]
[html.themerange.net/merit/merit/assets/images/resource/products/1.jpg]
[html.themerange.net/merit/merit/assets/images/resource/products/2.jpg]
[html.themerange.net/merit/merit/assets/images/resource/products/3.jpg]
[html.themerange.net/merit/merit/assets/images/resource/products/4.jpg]
[html.themerange.net/merit/merit/assets/images/resource/products/5.jpg]
[html.themerange.net/merit/merit/assets/images/resource/products/6.jpg]
[html.themerange.net/merit/merit/assets/images/resource/products/7.jpg]
[html.themerange.net/merit/merit/assets/images/resource/products/8.jpg]
[html.themerange.net/merit/merit/assets/images/resource/products/9.jpg]
[html.themerange.net/merit/merit/shop.html]
[html.themerange.net/merit/merit/assets/images/resource/products/35.jpg]
[html.themerange.net/merit/merit/shop-detail.html]
[html.themerange.net/merit/merit/assets/images/resource/products/40.png]
[html.themerange.net/merit/merit/assets/js/swiper.min.js]
[html.themerange.net/merit/merit/assets/images/resource/products/41.png]
[html.themerange.net/merit/merit/assets/images/resource/products/42.png]
[html.themerange.net/merit/merit/assets/images/resource/products/43.png]
[html.themerange.net/merit/merit/assets/images/resource/products/44.png]
[html.themerange.net/merit/merit/assets/images/resource/products/45.png]
[html.themerange.net/merit/merit/shopping-cart.html]
[html.themerange.net/merit/merit/checkout.html]
[html.themerange.net/merit/merit/register.html]
[html.themerange.net/merit/merit/blog.html]
[html.themerange.net/merit/merit/assets/images/resource/news-8.jpg]
[html.themerange.net/merit/merit/assets/images/resource/news-9.jpg]
[html.themerange.net/merit/merit/assets/images/resource/news-10.jpg]
[html.themerange.net/merit/merit/blog-left-sidebar.html]
[html.themerange.net/merit/merit/blog-classic.html]
[html.themerange.net/merit/merit/not-found.html]
[html.themerange.net/merit/merit/contact-2.html]
[html.themerange.net/merit/merit/contact-3.html]
[html.themerange.net/merit/merit/team-detail.html]
[html.themerange.net/merit/merit/services-detail.html]
[html.themerange.net/merit/merit/service.html]
[html.themerange.net/merit/merit/cases.html]
[html.themerange.net/merit/merit/blog-single.html]
[html.themerange.net/merit/merit/assets/webfonts/fa-v4compatibility.html]
[html.themerange.net/merit/merit/assets/webfonts/fa-v4compatibility-2.html]
[html.themerange.net/merit/merit/assets/fonts/flaticon_flats.svg]
[html.themerange.net/merit/merit/assets/css/owl.video.play.html]
[html.themerange.net/merit/merit/assets/css/images/ui-icons_444444_256x240.html]
[html.themerange.net/merit/merit/assets/css/images/ui-icons_777620_256x240.html]
[html.themerange.net/merit/merit/assets/css/images/ui-icons_cc0000_256x240.html]
[html.themerange.net/merit/merit/assets/css/images/ui-icons_777777_256x240.html]
[html.themerange.net/merit/merit/images/icons/pattern-icon-10.html]
